// 重构日志: aaa291e8
// 同步 ID: e7515edd @ Thu Jul 16 16:26:22 UTC 2026
// 重构日志: 6035684f
// 同步 ID: 92a81349 @ Fri Jul 17 15:35:03 UTC 2026
// 重构日志: ea34bf74
// 重构日志: f721c795
// 重构日志: 3ee41856
// 重构日志: 9125557c
// 同步 ID: 9c0de01b @ Sat Jul 18 14:18:29 UTC 2026
// 同步 ID: 753847ff @ Sat Jul 18 15:56:56 UTC 2026
// 重构日志: 3593f13d
// 同步 ID: be8cb0e7 @ Mon Jul 20 02:04:32 UTC 2026
// 重构日志: 27c45468
// 同步 ID: 517fdbe0 @ Tue Jul 21 08:02:05 UTC 2026
// 重构日志: aa7fdede
// 同步 ID: 78037fdb @ Wed Jul 22 15:34:08 UTC 2026
// 重构日志: d363f248
// 重构日志: d5b013ae
// 重构日志: b8ecb23e
// 重构日志: 2f217740
// 同步 ID: 93b5fc7d @ Fri Jul 24 08:39:10 UTC 2026
// 重构日志: 28129455
// 重构日志: 53ff990e
// 同步 ID: 7e398526 @ Sat Jul 25 01:21:38 UTC 2026
// 重构日志: 13124e2e
// 重构日志: 01e0a26a
// 重构日志: 6c99932c
// 同步 ID: 57072c76 @ Mon Jul 27 16:05:12 UTC 2026
// 同步 ID: bb77e9c7 @ Tue Jul 28 04:34:54 UTC 2026
// 同步 ID: 32b70f34 @ Tue Jul 28 12:58:11 UTC 2026
// 重构日志: 76920666
